Archive member included because of file (symbol)

c:/winavr-20100110/bin/../lib/gcc/avr/4.3.3/avr51\libgcc.a(_udivmodhi4.o)
                              main.o (__udivmodhi4)
c:/winavr-20100110/bin/../lib/gcc/avr/4.3.3/avr51\libgcc.a(_exit.o)
                              c:/winavr-20100110/bin/../lib/gcc/avr/4.3.3/../../../../avr/lib/avr51/crtcan128.o (exit)
c:/winavr-20100110/bin/../lib/gcc/avr/4.3.3/avr51\libgcc.a(_clear_bss.o)
                              FroboLay_Scout2.o (__do_clear_bss)
c:/winavr-20100110/bin/../lib/gcc/avr/4.3.3/../../../../avr/lib/avr51\libc.a(atoi.o)
                              rcnmea.o (atoi)
c:/winavr-20100110/bin/../lib/gcc/avr/4.3.3/../../../../avr/lib/avr51\libc.a(itoa.o)
                              rcnmea.o (itoa)
c:/winavr-20100110/bin/../lib/gcc/avr/4.3.3/../../../../avr/lib/avr51\libc.a(mul10.o)
                              c:/winavr-20100110/bin/../lib/gcc/avr/4.3.3/../../../../avr/lib/avr51\libc.a(atoi.o) (__mulhi_const_10)
c:/winavr-20100110/bin/../lib/gcc/avr/4.3.3/../../../../avr/lib/avr51\libc.a(utoa.o)
                              rcnmea.o (utoa)
c:/winavr-20100110/bin/../lib/gcc/avr/4.3.3/../../../../avr/lib/avr51\libc.a(strrev.o)
                              c:/winavr-20100110/bin/../lib/gcc/avr/4.3.3/../../../../avr/lib/avr51\libc.a(itoa.o) (strrev)

Allocating common symbols
Common symbol       size              file

t1ms_cnt            0x2               main.o
but1                0x1               main.o
led_state           0x1               main.o
nmea_ticks_l        0x4               main.o
ib_tail             0x2               avr_serial.o
led_signal          0x1               main.o
ib                  0x50              avr_serial.o
FroboLay_Scout2_param_received
                    0x1               main.o
led_count           0x1               main.o
nmea_wd_timeout     0x2               main.o
t1ms                0x1               main.o
tx_busy             0x1               avr_serial.o
rx                  0xa0              rcnmea.o
pflst_interval      0x2               main.o
state               0x1               main.o
rx_ite              0x2               rcnmea.o
voltage             0x2               main.o
voltage_min         0x2               main.o
adc_ch              0x1               main.o
adc_ports           0x1               main.o
nmea_err            0x2               rcnmea.o
ib_head             0x2               avr_serial.o
nmea_ticks_r        0x4               main.o
tx                  0xa0              rcnmea.o
battery_low_warning
                    0x1               main.o
ob_tail             0x2               avr_serial.o
adc_data            0x2               main.o
spray_state         0x1               FroboLay_Scout2.o
nmea_wd             0x2               main.o
spray_signal        0x1               FroboLay_Scout2.o
ob                  0x50              avr_serial.o
ob_head             0x2               avr_serial.o
tx_len              0x2               rcnmea.o
rx_len              0x2               rcnmea.o

Memory Configuration

Name             Origin             Length             Attributes
text             0x00000000         0x00020000         xr
data             0x00800060         0x0000ffa0         rw !x
eeprom           0x00810000         0x00010000         rw !x
fuse             0x00820000         0x00000400         rw !x
lock             0x00830000         0x00000400         rw !x
signature        0x00840000         0x00000400         rw !x
*default*        0x00000000         0xffffffff

Linker script and memory map

Address of section .data set to 0x800100
LOAD c:/winavr-20100110/bin/../lib/gcc/avr/4.3.3/../../../../avr/lib/avr51/crtcan128.o
LOAD FroboLay_Scout2.o
LOAD avr_serial.o
LOAD rcnmea.o
LOAD main.o
LOAD c:/winavr-20100110/bin/../lib/gcc/avr/4.3.3/avr51\libgcc.a
LOAD c:/winavr-20100110/bin/../lib/gcc/avr/4.3.3/../../../../avr/lib/avr51\libc.a
LOAD c:/winavr-20100110/bin/../lib/gcc/avr/4.3.3/avr51\libgcc.a

.hash
 *(.hash)

.dynsym
 *(.dynsym)

.dynstr
 *(.dynstr)

.gnu.version
 *(.gnu.version)

.gnu.version_d
 *(.gnu.version_d)

.gnu.version_r
 *(.gnu.version_r)

.rel.init
 *(.rel.init)

.rela.init
 *(.rela.init)

.rel.text
 *(.rel.text)
 *(.rel.text.*)
 *(.rel.gnu.linkonce.t*)

.rela.text
 *(.rela.text)
 *(.rela.text.*)
 *(.rela.gnu.linkonce.t*)

.rel.fini
 *(.rel.fini)

.rela.fini
 *(.rela.fini)

.rel.rodata
 *(.rel.rodata)
 *(.rel.rodata.*)
 *(.rel.gnu.linkonce.r*)

.rela.rodata
 *(.rela.rodata)
 *(.rela.rodata.*)
 *(.rela.gnu.linkonce.r*)

.rel.data
 *(.rel.data)
 *(.rel.data.*)
 *(.rel.gnu.linkonce.d*)

.rela.data
 *(.rela.data)
 *(.rela.data.*)
 *(.rela.gnu.linkonce.d*)

.rel.ctors
 *(.rel.ctors)

.rela.ctors
 *(.rela.ctors)

.rel.dtors
 *(.rel.dtors)

.rela.dtors
 *(.rela.dtors)

.rel.got
 *(.rel.got)

.rela.got
 *(.rela.got)

.rel.bss
 *(.rel.bss)

.rela.bss
 *(.rela.bss)

.rel.plt
 *(.rel.plt)

.rela.plt
 *(.rela.plt)

.text           0x00000000     0x14d4
 *(.vectors)
 .vectors       0x00000000       0x94 c:/winavr-20100110/bin/../lib/gcc/avr/4.3.3/../../../../avr/lib/avr51/crtcan128.o
                0x00000000                __vectors
                0x00000000                __vector_default
 *(.vectors)
 *(.progmem.gcc*)
 *(.progmem*)
                0x00000094                . = ALIGN (0x2)
                0x00000094                __trampolines_start = .
 *(.trampolines)
 .trampolines   0x00000094        0x0 linker stubs
 *(.trampolines*)
                0x00000094                __trampolines_end = .
 *(.jumptables)
 *(.jumptables*)
 *(.lowtext)
 *(.lowtext*)
                0x00000094                __ctors_start = .
 *(.ctors)
                0x00000094                __ctors_end = .
                0x00000094                __dtors_start = .
 *(.dtors)
                0x00000094                __dtors_end = .
 SORT(*)(.ctors)
 SORT(*)(.dtors)
 *(.init0)
 .init0         0x00000094        0x0 c:/winavr-20100110/bin/../lib/gcc/avr/4.3.3/../../../../avr/lib/avr51/crtcan128.o
                0x00000094                __init
 *(.init0)
 *(.init1)
 *(.init1)
 *(.init2)
 .init2         0x00000094        0xc c:/winavr-20100110/bin/../lib/gcc/avr/4.3.3/../../../../avr/lib/avr51/crtcan128.o
 *(.init2)
 *(.init3)
 *(.init3)
 *(.init4)
 .init4         0x000000a0       0x1a c:/winavr-20100110/bin/../lib/gcc/avr/4.3.3/../../../../avr/lib/avr51/crtcan128.o
                0x000000a0                __do_copy_data
 .init4         0x000000ba       0x10 c:/winavr-20100110/bin/../lib/gcc/avr/4.3.3/avr51\libgcc.a(_clear_bss.o)
                0x000000ba                __do_clear_bss
 *(.init4)
 *(.init5)
 *(.init5)
 *(.init6)
 *(.init6)
 *(.init7)
 *(.init7)
 *(.init8)
 *(.init8)
 *(.init9)
 .init9         0x000000ca        0x8 c:/winavr-20100110/bin/../lib/gcc/avr/4.3.3/../../../../avr/lib/avr51/crtcan128.o
 *(.init9)
 *(.text)
 .text          0x000000d2        0x4 c:/winavr-20100110/bin/../lib/gcc/avr/4.3.3/../../../../avr/lib/avr51/crtcan128.o
                0x000000d2                __vector_22
                0x000000d2                __vector_28
                0x000000d2                __vector_1
                0x000000d2                __vector_24
                0x000000d2                __vector_12
                0x000000d2                __bad_interrupt
                0x000000d2                __vector_6
                0x000000d2                __vector_31
                0x000000d2                __vector_35
                0x000000d2                __vector_3
                0x000000d2                __vector_23
                0x000000d2                __vector_30
                0x000000d2                __vector_11
                0x000000d2                __vector_13
                0x000000d2                __vector_17
                0x000000d2                __vector_19
                0x000000d2                __vector_7
                0x000000d2                __vector_27
                0x000000d2                __vector_5
                0x000000d2                __vector_33
                0x000000d2                __vector_4
                0x000000d2                __vector_9
                0x000000d2                __vector_2
                0x000000d2                __vector_21
                0x000000d2                __vector_15
                0x000000d2                __vector_36
                0x000000d2                __vector_29
                0x000000d2                __vector_8
                0x000000d2                __vector_26
                0x000000d2                __vector_14
                0x000000d2                __vector_10
                0x000000d2                __vector_18
                0x000000d2                __vector_20
 .text          0x000000d6       0xf2 FroboLay_Scout2.o
                0x000000d6                FroboLay_Scout2_Update
 .text          0x000001c8      0x422 avr_serial.o
                0x00000226                __vector_32
                0x000002be                __vector_34
                0x000005c4                serial_rx_flush
                0x000003e8                serial_tx
                0x00000486                serial_tx_string
                0x00000372                serial_tx_init
                0x00000538                serial_tx_idle
                0x0000057e                serial_rx
                0x000001c8                serial_init
                0x00000458                serial_tx_direct
                0x0000054e                serial_rx_avail
 .text          0x000005ea      0x644 rcnmea.o
                0x00000844                tx_inbuf
                0x00000abc                nmea_tx
                0x00000746                nmea_rx_next_val
                0x000009c6                nmea_tx_append_short
                0x000008ce                nmea_rx_update
                0x000005ea                nmea_reset
                0x00000a40                nmea_tx_append_ushort
 .text          0x00000c2e      0x7a0 main.o
                0x00000f1e                button_init
                0x000010d8                nmea_tx_status
                0x00000ef8                button_update
                0x0000112c                state_update
                0x00000dea                voltage_update
                0x000011aa                sched_update
                0x00000c8e                __vector_25
                0x00000e40                led_update
                0x00001338                main
                0x000012a4                save_reset_source
                0x0000100a                nmea_rx_parse
                0x00000d7e                adc_init
                0x00000ece                led_init
                0x00000f4c                nmea_init
                0x00000c2e                sched_init
                0x00000c60                __vector_16
                0x00000d54                FroboLay_Scout2_Init
 .text          0x000013ce        0x0 c:/winavr-20100110/bin/../lib/gcc/avr/4.3.3/avr51\libgcc.a(_udivmodhi4.o)
 .text          0x000013ce        0x0 c:/winavr-20100110/bin/../lib/gcc/avr/4.3.3/avr51\libgcc.a(_exit.o)
 .text          0x000013ce        0x0 c:/winavr-20100110/bin/../lib/gcc/avr/4.3.3/avr51\libgcc.a(_clear_bss.o)
 .text          0x000013ce        0x0 c:/winavr-20100110/bin/../lib/gcc/avr/4.3.3/../../../../avr/lib/avr51\libc.a(atoi.o)
 .text          0x000013ce        0x0 c:/winavr-20100110/bin/../lib/gcc/avr/4.3.3/../../../../avr/lib/avr51\libc.a(itoa.o)
 .text          0x000013ce        0x0 c:/winavr-20100110/bin/../lib/gcc/avr/4.3.3/../../../../avr/lib/avr51\libc.a(mul10.o)
 .text          0x000013ce        0x0 c:/winavr-20100110/bin/../lib/gcc/avr/4.3.3/../../../../avr/lib/avr51\libc.a(utoa.o)
 .text          0x000013ce        0x0 c:/winavr-20100110/bin/../lib/gcc/avr/4.3.3/../../../../avr/lib/avr51\libc.a(strrev.o)
                0x000013ce                . = ALIGN (0x2)
 *(.text.*)
 .text.libgcc   0x000013ce       0x28 c:/winavr-20100110/bin/../lib/gcc/avr/4.3.3/avr51\libgcc.a(_udivmodhi4.o)
                0x000013ce                __udivmodhi4
 .text.libgcc   0x000013f6        0x0 c:/winavr-20100110/bin/../lib/gcc/avr/4.3.3/avr51\libgcc.a(_exit.o)
 .text.libgcc   0x000013f6        0x0 c:/winavr-20100110/bin/../lib/gcc/avr/4.3.3/avr51\libgcc.a(_clear_bss.o)
 .text.avr-libc
                0x000013f6       0x3c c:/winavr-20100110/bin/../lib/gcc/avr/4.3.3/../../../../avr/lib/avr51\libc.a(atoi.o)
                0x000013f6                atoi
 .text.avr-libc
                0x00001432       0x42 c:/winavr-20100110/bin/../lib/gcc/avr/4.3.3/../../../../avr/lib/avr51\libc.a(itoa.o)
                0x00001432                itoa
 .text.avr-libc
                0x00001474       0x10 c:/winavr-20100110/bin/../lib/gcc/avr/4.3.3/../../../../avr/lib/avr51\libc.a(mul10.o)
                0x00001474                __mulhi_const_10
 .text.avr-libc
                0x00001484       0x2c c:/winavr-20100110/bin/../lib/gcc/avr/4.3.3/../../../../avr/lib/avr51\libc.a(utoa.o)
                0x00001484                utoa
 .text.avr-libc
                0x000014b0       0x20 c:/winavr-20100110/bin/../lib/gcc/avr/4.3.3/../../../../avr/lib/avr51\libc.a(strrev.o)
                0x000014b0                strrev
                0x000014d0                . = ALIGN (0x2)
 *(.fini9)
 .fini9         0x000014d0        0x0 c:/winavr-20100110/bin/../lib/gcc/avr/4.3.3/avr51\libgcc.a(_exit.o)
                0x000014d0                exit
                0x000014d0                _exit
 *(.fini9)
 *(.fini8)
 *(.fini8)
 *(.fini7)
 *(.fini7)
 *(.fini6)
 *(.fini6)
 *(.fini5)
 *(.fini5)
 *(.fini4)
 *(.fini4)
 *(.fini3)
 *(.fini3)
 *(.fini2)
 *(.fini2)
 *(.fini1)
 *(.fini1)
 *(.fini0)
 .fini0         0x000014d0        0x4 c:/winavr-20100110/bin/../lib/gcc/avr/4.3.3/avr51\libgcc.a(_exit.o)
 *(.fini0)
                0x000014d4                _etext = .

.data           0x00800100        0x0 load address 0x000014d4
                0x00800100                PROVIDE (__data_start, .)
 *(.data)
 .data          0x00800100        0x0 c:/winavr-20100110/bin/../lib/gcc/avr/4.3.3/../../../../avr/lib/avr51/crtcan128.o
 .data          0x00800100        0x0 FroboLay_Scout2.o
 .data          0x00800100        0x0 avr_serial.o
 .data          0x00800100        0x0 rcnmea.o
 .data          0x00800100        0x0 main.o
 .data          0x00800100        0x0 c:/winavr-20100110/bin/../lib/gcc/avr/4.3.3/avr51\libgcc.a(_udivmodhi4.o)
 .data          0x00800100        0x0 c:/winavr-20100110/bin/../lib/gcc/avr/4.3.3/avr51\libgcc.a(_exit.o)
 .data          0x00800100        0x0 c:/winavr-20100110/bin/../lib/gcc/avr/4.3.3/avr51\libgcc.a(_clear_bss.o)
 .data          0x00800100        0x0 c:/winavr-20100110/bin/../lib/gcc/avr/4.3.3/../../../../avr/lib/avr51\libc.a(atoi.o)
 .data          0x00800100        0x0 c:/winavr-20100110/bin/../lib/gcc/avr/4.3.3/../../../../avr/lib/avr51\libc.a(itoa.o)
 .data          0x00800100        0x0 c:/winavr-20100110/bin/../lib/gcc/avr/4.3.3/../../../../avr/lib/avr51\libc.a(mul10.o)
 .data          0x00800100        0x0 c:/winavr-20100110/bin/../lib/gcc/avr/4.3.3/../../../../avr/lib/avr51\libc.a(utoa.o)
 .data          0x00800100        0x0 c:/winavr-20100110/bin/../lib/gcc/avr/4.3.3/../../../../avr/lib/avr51\libc.a(strrev.o)
 *(.data*)
 *(.rodata)
 *(.rodata*)
 *(.gnu.linkonce.d*)
                0x00800100                . = ALIGN (0x2)
                0x00800100                _edata = .
                0x00800100                PROVIDE (__data_end, .)

.bss            0x00800100      0x214
                0x00800100                PROVIDE (__bss_start, .)
 *(.bss)
 .bss           0x00800100        0x0 c:/winavr-20100110/bin/../lib/gcc/avr/4.3.3/../../../../avr/lib/avr51/crtcan128.o
 .bss           0x00800100        0x0 FroboLay_Scout2.o
 .bss           0x00800100        0x0 avr_serial.o
 .bss           0x00800100        0x0 rcnmea.o
 .bss           0x00800100        0x1 main.o
 .bss           0x00800101        0x0 c:/winavr-20100110/bin/../lib/gcc/avr/4.3.3/avr51\libgcc.a(_udivmodhi4.o)
 .bss           0x00800101        0x0 c:/winavr-20100110/bin/../lib/gcc/avr/4.3.3/avr51\libgcc.a(_exit.o)
 .bss           0x00800101        0x0 c:/winavr-20100110/bin/../lib/gcc/avr/4.3.3/avr51\libgcc.a(_clear_bss.o)
 .bss           0x00800101        0x0 c:/winavr-20100110/bin/../lib/gcc/avr/4.3.3/../../../../avr/lib/avr51\libc.a(atoi.o)
 .bss           0x00800101        0x0 c:/winavr-20100110/bin/../lib/gcc/avr/4.3.3/../../../../avr/lib/avr51\libc.a(itoa.o)
 .bss           0x00800101        0x0 c:/winavr-20100110/bin/../lib/gcc/avr/4.3.3/../../../../avr/lib/avr51\libc.a(mul10.o)
 .bss           0x00800101        0x0 c:/winavr-20100110/bin/../lib/gcc/avr/4.3.3/../../../../avr/lib/avr51\libc.a(utoa.o)
 .bss           0x00800101        0x0 c:/winavr-20100110/bin/../lib/gcc/avr/4.3.3/../../../../avr/lib/avr51\libc.a(strrev.o)
 *(.bss*)
 *(COMMON)
 COMMON         0x00800101        0x2 FroboLay_Scout2.o
                0x00800101                spray_state
                0x00800102                spray_signal
 COMMON         0x00800103       0xa9 avr_serial.o
                0x00800103                ib_tail
                0x00800105                ib
                0x00800155                tx_busy
                0x00800156                ib_head
                0x00800158                ob_tail
                0x0080015a                ob
                0x008001aa                ob_head
 COMMON         0x008001ac      0x148 rcnmea.o
                0x008001ac                rx
                0x0080024c                rx_ite
                0x0080024e                nmea_err
                0x00800250                tx
                0x008002f0                tx_len
                0x008002f2                rx_len
 COMMON         0x008002f4       0x20 main.o
                0x008002f4                t1ms_cnt
                0x008002f6                but1
                0x008002f7                led_state
                0x008002f8                nmea_ticks_l
                0x008002fc                led_signal
                0x008002fd                FroboLay_Scout2_param_received
                0x008002fe                led_count
                0x008002ff                nmea_wd_timeout
                0x00800301                t1ms
                0x00800302                pflst_interval
                0x00800304                state
                0x00800305                voltage
                0x00800307                voltage_min
                0x00800309                adc_ch
                0x0080030a                adc_ports
                0x0080030b                nmea_ticks_r
                0x0080030f                battery_low_warning
                0x00800310                adc_data
                0x00800312                nmea_wd
                0x00800314                PROVIDE (__bss_end, .)
                0x000014d4                __data_load_start = LOADADDR (.data)
                0x000014d4                __data_load_end = (__data_load_start + SIZEOF (.data))

.noinit         0x00800314        0x0
                0x00800314                PROVIDE (__noinit_start, .)
 *(.noinit*)
                0x00800314                PROVIDE (__noinit_end, .)
                0x00800314                _end = .
                0x00800314                PROVIDE (__heap_start, .)

.eeprom         0x00810000        0x0
 *(.eeprom*)
                0x00810000                __eeprom_end = .

.fuse
 *(.fuse)
 *(.lfuse)
 *(.hfuse)
 *(.efuse)

.lock
 *(.lock*)

.signature
 *(.signature*)

.stab
 *(.stab)

.stabstr
 *(.stabstr)

.stab.excl
 *(.stab.excl)

.stab.exclstr
 *(.stab.exclstr)

.stab.index
 *(.stab.index)

.stab.indexstr
 *(.stab.indexstr)

.comment
 *(.comment)

.debug
 *(.debug)

.line
 *(.line)

.debug_srcinfo
 *(.debug_srcinfo)

.debug_sfnames
 *(.debug_sfnames)

.debug_aranges  0x00000000       0x80
 *(.debug_aranges)
 .debug_aranges
                0x00000000       0x20 FroboLay_Scout2.o
 .debug_aranges
                0x00000020       0x20 avr_serial.o
 .debug_aranges
                0x00000040       0x20 rcnmea.o
 .debug_aranges
                0x00000060       0x20 main.o

.debug_pubnames
                0x00000000      0x4b2
 *(.debug_pubnames)
 .debug_pubnames
                0x00000000       0x4e FroboLay_Scout2.o
 .debug_pubnames
                0x0000004e      0x120 avr_serial.o
 .debug_pubnames
                0x0000016e       0xd1 rcnmea.o
 .debug_pubnames
                0x0000023f      0x273 main.o

.debug_info     0x00000000      0x976
 *(.debug_info)
 .debug_info    0x00000000       0xb0 FroboLay_Scout2.o
 .debug_info    0x000000b0      0x23f avr_serial.o
 .debug_info    0x000002ef      0x29b rcnmea.o
 .debug_info    0x0000058a      0x3ec main.o
 *(.gnu.linkonce.wi.*)

.debug_abbrev   0x00000000      0x359
 *(.debug_abbrev)
 .debug_abbrev  0x00000000       0x61 FroboLay_Scout2.o
 .debug_abbrev  0x00000061      0x10a avr_serial.o
 .debug_abbrev  0x0000016b       0xf9 rcnmea.o
 .debug_abbrev  0x00000264       0xf5 main.o

.debug_line     0x00000000      0xd99
 *(.debug_line)
 .debug_line    0x00000000       0xfb FroboLay_Scout2.o
 .debug_line    0x000000fb      0x2db avr_serial.o
 .debug_line    0x000003d6      0x3a7 rcnmea.o
 .debug_line    0x0000077d      0x61c main.o

.debug_frame    0x00000000      0x2a0
 *(.debug_frame)
 .debug_frame   0x00000000       0x20 FroboLay_Scout2.o
 .debug_frame   0x00000020       0xc0 avr_serial.o
 .debug_frame   0x000000e0       0xa0 rcnmea.o
 .debug_frame   0x00000180      0x120 main.o

.debug_str      0x00000000      0x41f
 *(.debug_str)
 .debug_str     0x00000000       0xb6 FroboLay_Scout2.o
                                 0xef (size before relaxing)
 .debug_str     0x000000b6       0xda avr_serial.o
                                0x184 (size before relaxing)
 .debug_str     0x00000190       0xd1 rcnmea.o
                                0x142 (size before relaxing)
 .debug_str     0x00000261      0x1be main.o
                                0x2c8 (size before relaxing)

.debug_loc
 *(.debug_loc)

.debug_macinfo
 *(.debug_macinfo)
OUTPUT(FroboLay_Scout2.elf elf32-avr)
LOAD linker stubs
